FILE "L'estro Armonico (Disc 1).flac" WAVE
  TRACK 01 AUDIO
    TITLE "Concerto No. 2 in G minor for two violins, cello and strings, RV 578"
    PERFORMER "A Maestro from Venice"
    REM COMPOSER "Antonio Vivaldi"
    INDEX 01 00:00:00