FILE "Ein Liebesst√ºck (CD 1).flac" WAVE
TRACK 01 AUDIO
TITLE "Suite in C major - Prelude"
PERFORMER "A.V"
INDEX 01 00:00:00